// Vitest Snapshot v1, https://vitest.dev/guide/snapshot.html

exports[`CategoriesBanner component > matches snapshot 1`] = `
<DocumentFragment>
  <section
    class="CategoriesBanner"
  >
    <div
      class="categories-title-container"
    >
      <h2
        class="categories-title"
      >
        Featured Categories
      </h2>
    </div>
    <div
      class="all-categories-link-container"
    >
      <button
        class="btn btn-primary"
      >
        <a
          class="all-categories-link"
          href="/categories"
        >
          See all categories
        </a>
      </button>
    </div>
    <div
      class="CategoriesBannerList"
    >
      <ul
        class="categories-list"
      />
    </div>
  </section>
</DocumentFragment>
`;
