// Vitest Snapshot v1, https://vitest.dev/guide/snapshot.html

exports[`ConfirmationPage component > matches snapshot 1`] = `
<DocumentFragment>
  <div
    class="ConfirmationPage container"
  >
    <h2
      class="text-center my-4"
    >
      Confirmation Page
    </h2>
    <div
      class="confirmation-container card p-4 shadow-sm"
    >
      <div
        class="confirmation-details"
      >
        <p
          class="mb-4"
        >
          Your order has been received!
        </p>
        <p
          class="mb-4"
        >
          Thanks for Shopping with us at Shoply!
        </p>
      </div>
      <div
        class="btn-container"
      >
        <a
          class="btn btn-primary"
          href="/"
        >
          Home
        </a>
      </div>
    </div>
  </div>
</DocumentFragment>
`;
