// Vitest Snapshot v1, https://vitest.dev/guide/snapshot.html

exports[`ProductDetail component > matches snapshot 1`] = `
<DocumentFragment>
  <h2>
    Product not found.
  </h2>
</DocumentFragment>
`;
