// Vitest Snapshot v1, https://vitest.dev/guide/snapshot.html

exports[`CategoriesCardList component > matches snapshot 1`] = `
<DocumentFragment>
  <div
    class="CategoriesBannerList"
  >
    <ul
      class="categories-list"
    />
  </div>
</DocumentFragment>
`;
