// Vitest Snapshot v1, https://vitest.dev/guide/snapshot.html

exports[`UserInfo component > matches snapshot 1`] = `
<DocumentFragment>
  <div
    class="UserInfo"
  >
    <h1>
      User Information
    </h1>
    <div
      class="user-info-contaienr"
    >
      <p>
        First name: 
      </p>
      <p>
        Last name: 
      </p>
      <p>
        Username: testuser
      </p>
      <p>
        Email: testuser123@test.net
      </p>
    </div>
  </div>
</DocumentFragment>
`;
